// Jest Snapshot v1, https://goo.gl/fbAQLP

exports[`Loader should render Loader 1`] = `
<div
  className="loader__background"
>
  <div
    className="lds-roller"
  >
    <div />
    <div />
    <div />
    <div />
    <div />
    <div />
    <div />
    <div />
  </div>
</div>
`;
